../Core/Src/main.c:15:7:calculate_average	48	static
../Core/Src/main.c:30:5:main	8	static
../Core/Src/main.c:54:6:HAL_ADC_ConvHalfCpltCallback	16	static
../Core/Src/main.c:62:6:HAL_ADC_ConvCpltCallback	24	static
../Core/Src/main.c:72:6:SystemClock_Config	96	static
../Core/Src/main.c:122:6:MX_ADC1_Init	48	static
../Core/Src/main.c:189:6:MX_LPUART1_UART_Init	8	static
../Core/Src/main.c:221:6:MX_DMA_Init	16	static
../Core/Src/main.c:239:6:MX_GPIO_Init	48	static
../Core/Src/main.c:280:6:Error_Handler	4	static,ignoring_inline_asm
